2020-10-3